Downloading mojang_1.19.2.jar
Applying patches
Starting org.bukkit.craftbukkit.Main
*** Warning, you've not updated in a while! ***
*** Please download a new build as per instructions from https://papermc.io/downloads ***
System Info: Java 17 (OpenJDK 64-Bit Server VM 17.0.19+10) Host: Linux 6.17.0-1020-azure (amd64)
Loading libraries, please wait...
2026-08-11 21:09:11,529 ServerMain WARN Advanced terminal features are not available in this environment
[21:09:14 INFO]: Building unoptimized datafixer
[21:09:15 INFO]: Environment: authHost='https://authserver.mojang.com', accountsHost='https://api.mojang.com', sessionHost='https://sessionserver.mojang.com', servicesHost='https://api.minecraftservices.com', name='PROD'
[21:09:15 INFO]: Found new data pack file/bukkit, loading it automatically
[21:09:17 INFO]: Loaded 7 recipes
[21:09:18 INFO]: Starting minecraft server version 1.19.2
[21:09:18 INFO]: Loading properties
[21:09:18 INFO]: This server is running Paper version git-Paper-307 (MC: 1.19.2) (Implementing API version 1.19.2-R0.1-SNAPSHOT) (Git: 476ef25)
[21:09:19 INFO]: Server Ping Player Sample Count: 12
[21:09:19 INFO]: Using 4 threads for Netty based IO
[21:09:19 INFO]: [ChunkTaskScheduler] Chunk system is using 1 I/O threads, 1 worker threads, and gen parallelism of 1 threads
[21:09:19 INFO]: Default game type: SURVIVAL
[21:09:19 INFO]: Generating keypair
[21:09:19 INFO]: Starting Minecraft server on 0.0.0.0:25565
[21:09:19 INFO]: Using epoll channel type
[21:09:19 INFO]: Paper: Using libdeflate (Linux x86_64) compression from Velocity.
[21:09:19 INFO]: Paper: Using OpenSSL 3.0.x (Linux x86_64) cipher from Velocity.
[21:09:19 INFO]: [ProximaMP] Loading ProximaMP v1.1
[21:09:19 WARN]: **** SERVER IS RUNNING IN OFFLINE/INSECURE MODE!
[21:09:19 WARN]: The server will make no attempt to authenticate usernames. Beware.
[21:09:19 WARN]: While this makes the game possible to play without internet access, it also opens up the ability for hackers to connect with any username they choose.
[21:09:19 WARN]: To change this, set "online-mode" to "true" in the server.properties file.
[21:09:19 INFO]: Preparing level "world"
[21:09:34 INFO]: Preparing start region for dimension minecraft:overworld
[21:09:34 INFO]: Time elapsed: 180 ms
[21:09:34 INFO]: Preparing start region for dimension minecraft:the_nether
[21:09:34 INFO]: Time elapsed: 112 ms
[21:09:34 INFO]: Preparing start region for dimension minecraft:the_end
[21:09:34 INFO]: Time elapsed: 89 ms
[21:09:34 INFO]: [ProximaMP] Enabling ProximaMP v1.1
[21:09:34 INFO]: [ProximaMP] [STDOUT] [ProximaMP][Protocol] reflect -> null
[21:09:34 WARN]: Nag author(s): '[]' of 'ProximaMP' about their usage of System.out/err.print. Please use your plugin's logger instead (JavaPlugin#getLogger).
[21:09:34 INFO]: Running delayed init tasks
[21:09:34 INFO]: Done (15.816s)! For help, type "help"
[21:09:34 INFO]: Timings Reset
[21:09:34 INFO]: [ProximaMP] [STDOUT] Connection to ProximaMP server established!
