Starting org.bukkit.craftbukkit.Main
*** Warning, you've not updated in a while! ***
*** Please download a new build as per instructions from https://papermc.io/downloads ***
System Info: Java 17 (OpenJDK 64-Bit Server VM 17.0.19+10) Host: Linux 6.17.0-1020-azure (amd64)
Loading libraries, please wait...
2026-08-08 21:53:38,473 ServerMain WARN Advanced terminal features are not available in this environment
[21:53:42 INFO]: Building unoptimized datafixer
[21:53:44 INFO]: Environment: authHost='https://authserver.mojang.com', accountsHost='https://api.mojang.com', sessionHost='https://sessionserver.mojang.com', servicesHost='https://api.minecraftservices.com', name='PROD'
[21:53:44 INFO]: Found new data pack file/bukkit, loading it automatically
[21:53:46 INFO]: Loaded 7 recipes
[21:53:47 INFO]: Starting minecraft server version 1.19.2
[21:53:47 INFO]: Loading properties
[21:53:47 INFO]: This server is running Paper version git-Paper-307 (MC: 1.19.2) (Implementing API version 1.19.2-R0.1-SNAPSHOT) (Git: 476ef25)
[21:53:47 INFO]: Server Ping Player Sample Count: 12
[21:53:47 INFO]: Using 4 threads for Netty based IO
[21:53:47 INFO]: [ChunkTaskScheduler] Chunk system is using 1 I/O threads, 1 worker threads, and gen parallelism of 1 threads
[21:53:48 INFO]: Default game type: SURVIVAL
[21:53:48 INFO]: Generating keypair
[21:53:48 INFO]: Starting Minecraft server on 0.0.0.0:25565
[21:53:48 INFO]: Using epoll channel type
[21:53:48 INFO]: Paper: Using libdeflate (Linux x86_64) compression from Velocity.
[21:53:48 INFO]: Paper: Using OpenSSL 3.0.x (Linux x86_64) cipher from Velocity.
[21:53:48 INFO]: Server permissions file permissions.yml is empty, ignoring it
[21:53:48 WARN]: **** SERVER IS RUNNING IN OFFLINE/INSECURE MODE!
[21:53:48 WARN]: The server will make no attempt to authenticate usernames. Beware.
[21:53:48 WARN]: While this makes the game possible to play without internet access, it also opens up the ability for hackers to connect with any username they choose.
[21:53:48 WARN]: To change this, set "online-mode" to "true" in the server.properties file.
[21:53:48 INFO]: Preparing level "world"
[21:54:05 INFO]: Preparing start region for dimension minecraft:overworld
[21:54:05 INFO]: Time elapsed: 137 ms
[21:54:05 INFO]: Preparing start region for dimension minecraft:the_nether
[21:54:05 INFO]: Time elapsed: 170 ms
[21:54:05 INFO]: Preparing start region for dimension minecraft:the_end
[21:54:05 INFO]: Time elapsed: 103 ms
[21:54:05 INFO]: Running delayed init tasks
[21:54:05 INFO]: Done (18.057s)! For help, type "help"
[21:54:05 INFO]: Timings Reset
Starting org.bukkit.craftbukkit.Main
*** Warning, you've not updated in a while! ***
*** Please download a new build as per instructions from https://papermc.io/downloads ***
System Info: Java 17 (OpenJDK 64-Bit Server VM 17.0.19+10) Host: Linux 6.17.0-1020-azure (amd64)
Loading libraries, please wait...
2026-08-11 21:02:49,865 ServerMain WARN Advanced terminal features are not available in this environment
[21:02:54 INFO]: Building unoptimized datafixer
[21:02:55 INFO]: Environment: authHost='https://authserver.mojang.com', accountsHost='https://api.mojang.com', sessionHost='https://sessionserver.mojang.com', servicesHost='https://api.minecraftservices.com', name='PROD'
[21:02:55 INFO]: Found new data pack file/bukkit, loading it automatically
[21:02:57 INFO]: Loaded 7 recipes
[21:02:58 INFO]: Starting minecraft server version 1.19.2
[21:02:58 INFO]: Loading properties
[21:02:58 INFO]: This server is running Paper version git-Paper-307 (MC: 1.19.2) (Implementing API version 1.19.2-R0.1-SNAPSHOT) (Git: 476ef25)
[21:02:58 INFO]: Server Ping Player Sample Count: 12
[21:02:58 INFO]: Using 4 threads for Netty based IO
[21:02:58 INFO]: [ChunkTaskScheduler] Chunk system is using 1 I/O threads, 1 worker threads, and gen parallelism of 1 threads
[21:02:59 INFO]: Default game type: SURVIVAL
[21:02:59 INFO]: Generating keypair
[21:02:59 INFO]: Starting Minecraft server on 0.0.0.0:25565
[21:02:59 INFO]: Using epoll channel type
[21:02:59 INFO]: Paper: Using libdeflate (Linux x86_64) compression from Velocity.
[21:02:59 INFO]: Paper: Using OpenSSL 3.0.x (Linux x86_64) cipher from Velocity.
[21:02:59 INFO]: Server permissions file permissions.yml is empty, ignoring it
[21:02:59 WARN]: **** SERVER IS RUNNING IN OFFLINE/INSECURE MODE!
[21:02:59 WARN]: The server will make no attempt to authenticate usernames. Beware.
[21:02:59 WARN]: While this makes the game possible to play without internet access, it also opens up the ability for hackers to connect with any username they choose.
[21:02:59 WARN]: To change this, set "online-mode" to "true" in the server.properties file.
[21:02:59 INFO]: Preparing level "world"
[21:03:16 INFO]: Preparing start region for dimension minecraft:overworld
[21:03:16 INFO]: Time elapsed: 160 ms
[21:03:16 INFO]: Preparing start region for dimension minecraft:the_nether
[21:03:16 INFO]: Time elapsed: 175 ms
[21:03:16 INFO]: Preparing start region for dimension minecraft:the_end
[21:03:17 INFO]: Time elapsed: 146 ms
[21:03:17 INFO]: Running delayed init tasks
[21:03:17 INFO]: Done (18.491s)! For help, type "help"
[21:03:17 INFO]: Timings Reset
